../Core/Src/main.c:78:7:PlantSimulation	40	static
../Core/Src/main.c:100:5:main	24	static
../Core/Src/main.c:194:6:SystemClock_Config	88	static
../Core/Src/main.c:241:13:MX_ADC1_Init	56	static
../Core/Src/main.c:318:13:MX_LPUART1_UART_Init	8	static
../Core/Src/main.c:365:13:MX_TIM1_Init	120	static
../Core/Src/main.c:449:13:MX_DMA_Init	16	static
../Core/Src/main.c:468:13:MX_GPIO_Init	48	static
../Core/Src/main.c:505:1:question1_lab2	8	static
../Core/Src/main.c:533:6:Error_Handler	4	static,ignoring_inline_asm
