../Core/Src/main.c:76:7:PlantSimulation	40	static
../Core/Src/main.c:98:5:main	32	static
../Core/Src/main.c:188:6:SystemClock_Config	88	static
../Core/Src/main.c:235:13:MX_ADC1_Init	56	static
../Core/Src/main.c:303:13:MX_DAC1_Init	56	static
../Core/Src/main.c:350:13:MX_LPUART1_UART_Init	8	static
../Core/Src/main.c:397:13:MX_TIM2_Init	64	static
../Core/Src/main.c:460:13:MX_TIM3_Init	56	static
../Core/Src/main.c:507:13:MX_DMA_Init	16	static
../Core/Src/main.c:526:13:MX_GPIO_Init	48	static
../Core/Src/main.c:570:6:Error_Handler	4	static,ignoring_inline_asm
