../Core/Src/main.c:84:7:PlantSimulation	40	static
../Core/Src/main.c:107:5:main	32	static
../Core/Src/main.c:220:6:SystemClock_Config	88	static
../Core/Src/main.c:267:13:MX_ADC1_Init	56	static
../Core/Src/main.c:335:13:MX_LPUART1_UART_Init	8	static
../Core/Src/main.c:382:13:MX_TIM2_Init	64	static
../Core/Src/main.c:445:13:MX_TIM3_Init	56	static
../Core/Src/main.c:492:13:MX_DMA_Init	16	static
../Core/Src/main.c:511:13:MX_GPIO_Init	48	static
../Core/Src/main.c:548:6:swapmode	8	static
../Core/Src/main.c:563:6:ADC_pot	16	static
../Core/Src/main.c:583:6:Error_Handler	4	static,ignoring_inline_asm
